[22:58:31] [main/INFO]: Loading Minecraft 26.1.2 with Fabric Loader 0.19.2
[22:58:31] [main/INFO]: Mappings not present!
[22:58:31] [main/INFO]: Loading 50 mods:
	- dg_lab 26.1.2-fabric-26.1.2
	   |-- com_google_zxing_core 3.5.3
	   \-- org_java-websocket_java-websocket 1.5.7
	- fabric-api 0.148.0+26.1.2
	   |-- fabric-api-base 2.0.3+ece063234c
	   |-- fabric-api-lookup-api-v1 2.0.11+d5a053b64c
	   |-- fabric-biome-api-v1 18.0.4+35c80edc4c
	   |-- fabric-block-api-v1 3.0.2+ec56b6014c
	   |-- fabric-block-getter-api-v2 2.0.6+ec56b6014c
	   |-- fabric-command-api-v2 3.0.5+e2bdee784c
	   |-- fabric-content-registries-v0 11.1.0+1a3b26974c
	   |-- fabric-convention-tags-v2 4.5.0+c52289644c
	   |-- fabric-crash-report-info-v1 1.0.3+9f78a5a84c
	   |-- fabric-creative-tab-api-v1 5.0.10+d871b99e4c
	   |-- fabric-data-attachment-api-v1 2.2.4+d602a8964c
	   |-- fabric-data-generation-api-v1 24.1.0+47b0d63c4c
	   |-- fabric-debug-api-v1 1.0.1+c792624d4c
	   |-- fabric-dimensions-v1 5.1.5+9cbf5da54c
	   |-- fabric-entity-events-v1 5.0.2+e2bdee784c
	   |-- fabric-events-interaction-v0 5.2.0+a67251b84c
	   |-- fabric-game-rule-api-v1 4.0.5+d871b99e4c
	   |-- fabric-item-api-v1 14.1.1+73d134684c
	   |-- fabric-key-mapping-api-v1 2.0.4+e2bdee784c
	   |-- fabric-lifecycle-events-v1 4.1.0+6d50a0854c
	   |-- fabric-loot-api-v3 3.0.11+00a1fba64c
	   |-- fabric-menu-api-v1 2.0.12+d871b99e4c
	   |-- fabric-message-api-v1 7.0.5+dae8ce3e4c
	   |-- fabric-model-loading-api-v1 8.0.6+c80601bb4c
	   |-- fabric-networking-api-v1 6.3.0+50a808ce4c
	   |-- fabric-object-builder-api-v1 23.0.14+b95dd56e4c
	   |-- fabric-particles-v1 5.0.14+b61fef434c
	   |-- fabric-recipe-api-v1 9.0.14+be4b75ae4c
	   |-- fabric-registry-sync-v0 7.0.12+b61fef434c
	   |-- fabric-renderer-api-v1 13.0.3+c80601bb4c
	   |-- fabric-renderer-indigo 8.1.0+1403e82c4c
	   |-- fabric-rendering-fluids-v1 6.0.1+d871b99e4c
	   |-- fabric-rendering-v1 23.1.0+1403e82c4c
	   |-- fabric-resource-conditions-api-v1 6.0.5+00a1fba64c
	   |-- fabric-resource-loader-v0 3.3.16+4fc5413f4c
	   |-- fabric-resource-loader-v1 2.0.9+d871b99e4c
	   |-- fabric-screen-api-v1 5.0.1+d871b99e4c
	   |-- fabric-serialization-api-v1 2.0.3+11a26f314c
	   |-- fabric-sound-api-v1 2.0.4+11a26f314c
	   |-- fabric-tag-api-v1 2.0.9+11a26f314c
	   |-- fabric-transfer-api-v1 8.0.5+357ea7334c
	   \-- fabric-transitive-access-wideners-v1 8.1.0+acd9108d4c
	- fabricloader 0.19.2
	   \-- mixinextras 0.5.4
	- java 25
	- minecraft 26.1.2
[22:58:31] [main/INFO]: SpongePowered MIXIN Subsystem Version=0.8.7 Source=file:/E:/game/mc/.minecraft/libraries/net/fabricmc/sponge-mixin/0.17.2+mixin.0.8.7/sponge-mixin-0.17.2+mixin.0.8.7.jar Service=Knot/Fabric Env=CLIENT
[22:58:31] [main/INFO]: Compatibility level set to JAVA_21
[22:58:31] [main/INFO]: Compatibility level set to JAVA_25
[22:58:32] [main/INFO]: Initializing MixinExtras via com.llamalad7.mixinextras.service.MixinExtrasServiceImpl(version=0.5.4).
[22:58:33] [Datafixer Bootstrap/INFO]: 291 Datafixer optimizations took 251 milliseconds
[22:58:37] [main/ERROR]: Mixin apply for mod dg_lab failed dg_lab.client.mixins.json:ClientPlayerEntityAccessor from mod dg_lab -> net.minecraft.client.player.LocalPlayer: org.spongepowered.asm.mixin.gen.throwables.InvalidAccessorException No candidates were found matching healthInitialized:Z in net/minecraft/client/player/LocalPlayer for dg_lab.client.mixins.json:ClientPlayerEntityAccessor from mod dg_lab->@Accessor[FIELD_GETTER]::getHealthInitialized()Z [ACCESSOR Applicator Phase -> dg_lab.client.mixins.json:ClientPlayerEntityAccessor from mod dg_lab -> Apply Accessors ->  -> Locate -> dg_lab.client.mixins.json:ClientPlayerEntityAccessor from mod dg_lab->@Accessor[FIELD_GETTER]::getHealthInitialized()Z]
org.spongepowered.asm.mixin.gen.throwables.InvalidAccessorException: No candidates were found matching healthInitialized:Z in net/minecraft/client/player/LocalPlayer for dg_lab.client.mixins.json:ClientPlayerEntityAccessor from mod dg_lab->@Accessor[FIELD_GETTER]::getHealthInitialized()Z [ACCESSOR Applicator Phase -> dg_lab.client.mixins.json:ClientPlayerEntityAccessor from mod dg_lab -> Apply Accessors ->  -> Locate -> dg_lab.client.mixins.json:ClientPlayerEntityAccessor from mod dg_lab->@Accessor[FIELD_GETTER]::getHealthInitialized()Z]
	at org.spongepowered.asm.mixin.gen.AccessorInfo.findTarget(AccessorInfo.java:519)
	at org.spongepowered.asm.mixin.gen.AccessorInfo.findTargetField(AccessorInfo.java:502)
	at org.spongepowered.asm.mixin.gen.AccessorInfo.locate(AccessorInfo.java:476)
	at org.spongepowered.asm.mixin.transformer.MixinTargetContext.generateAccessors(MixinTargetContext.java:1504)
	at org.spongepowered.asm.mixin.transformer.MixinApplicatorStandard.applyAccessors(MixinApplicatorStandard.java:841)
	at org.spongepowered.asm.mixin.transformer.MixinApplicatorStandard.lambda$runApplicatorPass$5(MixinApplicatorStandard.java:343)
	at org.spongepowered.asm.mixin.transformer.MixinApplicatorStandard.processMixins(MixinApplicatorStandard.java:381)
	at org.spongepowered.asm.mixin.transformer.MixinApplicatorStandard.runApplicatorPass(MixinApplicatorStandard.java:341)
	at org.spongepowered.asm.mixin.transformer.MixinApplicatorStandard.apply(MixinApplicatorStandard.java:240)
	at org.spongepowered.asm.mixin.transformer.TargetClassContext.apply(TargetClassContext.java:437)
	at org.spongepowered.asm.mixin.transformer.TargetClassContext.applyMixins(TargetClassContext.java:418)
	at org.spongepowered.asm.mixin.transformer.MixinProcessor.applyMixins(MixinProcessor.java:351)
	at org.spongepowered.asm.mixin.transformer.MixinTransformer.transformClass(MixinTransformer.java:237)
	at org.spongepowered.asm.mixin.transformer.MixinTransformer.transformClassBytes(MixinTransformer.java:202)
	at net.fabricmc.loader.impl.launch.knot.KnotClassDelegate.getPostMixinClassByteArray(KnotClassDelegate.java:435)
	at net.fabricmc.loader.impl.launch.knot.KnotClassDelegate.tryLoadClass(KnotClassDelegate.java:336)
	at net.fabricmc.loader.impl.launch.knot.KnotClassDelegate.loadClass(KnotClassDelegate.java:231)
	at net.fabricmc.loader.impl.launch.knot.KnotClassLoader.loadClass(KnotClassLoader.java:119)
	at java.base/java.lang.ClassLoader.loadClass(ClassLoader.java:490)
	at knot//net.minecraft.client.gui.screens.dialog.DialogScreens.bootstrap(DialogScreens.java:33)
	at knot//net.minecraft.client.ClientBootstrap.bootstrap(ClientBootstrap.java:30)
	at knot//net.minecraft.client.main.Main.main(Main.java:134)
	at net.fabricmc.loader.impl.game.minecraft.MinecraftGameProvider.launch(MinecraftGameProvider.java:514)
	at net.fabricmc.loader.impl.launch.knot.Knot.launch(Knot.java:72)
	at net.fabricmc.loader.impl.launch.knot.KnotClient.main(KnotClient.java:23)
[22:58:37] [main/ERROR]: Mixin apply for mod dg_lab failed dg_lab.client.mixins.json:ClientPlayerEntityAccessor from mod dg_lab -> net.minecraft.client.player.LocalPlayer: org.spongepowered.asm.mixin.gen.throwables.InvalidAccessorException No candidates were found matching healthInitialized:Z in net/minecraft/client/player/LocalPlayer for dg_lab.client.mixins.json:ClientPlayerEntityAccessor from mod dg_lab->@Accessor[FIELD_GETTER]::getHealthInitialized()Z [ACCESSOR Applicator Phase -> dg_lab.client.mixins.json:ClientPlayerEntityAccessor from mod dg_lab -> Apply Accessors ->  -> Locate -> dg_lab.client.mixins.json:ClientPlayerEntityAccessor from mod dg_lab->@Accessor[FIELD_GETTER]::getHealthInitialized()Z]
org.spongepowered.asm.mixin.gen.throwables.InvalidAccessorException: No candidates were found matching healthInitialized:Z in net/minecraft/client/player/LocalPlayer for dg_lab.client.mixins.json:ClientPlayerEntityAccessor from mod dg_lab->@Accessor[FIELD_GETTER]::getHealthInitialized()Z [ACCESSOR Applicator Phase -> dg_lab.client.mixins.json:ClientPlayerEntityAccessor from mod dg_lab -> Apply Accessors ->  -> Locate -> dg_lab.client.mixins.json:ClientPlayerEntityAccessor from mod dg_lab->@Accessor[FIELD_GETTER]::getHealthInitialized()Z]
	at org.spongepowered.asm.mixin.gen.AccessorInfo.findTarget(AccessorInfo.java:519)
	at org.spongepowered.asm.mixin.gen.AccessorInfo.findTargetField(AccessorInfo.java:502)
	at org.spongepowered.asm.mixin.gen.AccessorInfo.locate(AccessorInfo.java:476)
	at org.spongepowered.asm.mixin.transformer.MixinTargetContext.generateAccessors(MixinTargetContext.java:1504)
	at org.spongepowered.asm.mixin.transformer.MixinApplicatorStandard.applyAccessors(MixinApplicatorStandard.java:841)
	at org.spongepowered.asm.mixin.transformer.MixinApplicatorStandard.lambda$runApplicatorPass$5(MixinApplicatorStandard.java:343)
	at org.spongepowered.asm.mixin.transformer.MixinApplicatorStandard.processMixins(MixinApplicatorStandard.java:381)
	at org.spongepowered.asm.mixin.transformer.MixinApplicatorStandard.runApplicatorPass(MixinApplicatorStandard.java:341)
	at org.spongepowered.asm.mixin.transformer.MixinApplicatorStandard.apply(MixinApplicatorStandard.java:240)
	at org.spongepowered.asm.mixin.transformer.TargetClassContext.apply(TargetClassContext.java:437)
	at org.spongepowered.asm.mixin.transformer.TargetClassContext.applyMixins(TargetClassContext.java:418)
	at org.spongepowered.asm.mixin.transformer.MixinProcessor.applyMixins(MixinProcessor.java:351)
	at org.spongepowered.asm.mixin.transformer.MixinTransformer.transformClass(MixinTransformer.java:237)
	at org.spongepowered.asm.mixin.transformer.MixinTransformer.transformClassBytes(MixinTransformer.java:202)
	at net.fabricmc.loader.impl.launch.knot.KnotClassDelegate.getPostMixinClassByteArray(KnotClassDelegate.java:435)
	at net.fabricmc.loader.impl.launch.knot.KnotClassDelegate.tryLoadClass(KnotClassDelegate.java:336)
	at net.fabricmc.loader.impl.launch.knot.KnotClassDelegate.loadClass(KnotClassDelegate.java:231)
	at net.fabricmc.loader.impl.launch.knot.KnotClassLoader.loadClass(KnotClassLoader.java:119)
	at java.base/java.lang.ClassLoader.loadClass(ClassLoader.java:490)
	at knot//net.minecraft.client.main.Main.main(Main.java:205)
	at net.fabricmc.loader.impl.game.minecraft.MinecraftGameProvider.launch(MinecraftGameProvider.java:514)
	at net.fabricmc.loader.impl.launch.knot.Knot.launch(Knot.java:72)
	at net.fabricmc.loader.impl.launch.knot.KnotClient.main(KnotClient.java:23)
[22:58:37] [main/ERROR]: Minecraft has crashed!
net.fabricmc.loader.impl.FormattedException: java.lang.RuntimeException: Mixin transformation of net.minecraft.client.player.LocalPlayer failed
	at net.fabricmc.loader.impl.FormattedException.ofLocalized(FormattedException.java:63)
	at net.fabricmc.loader.impl.game.minecraft.MinecraftGameProvider.launch(MinecraftGameProvider.java:516)
	at net.fabricmc.loader.impl.launch.knot.Knot.launch(Knot.java:72)
	at net.fabricmc.loader.impl.launch.knot.KnotClient.main(KnotClient.java:23)
Caused by: java.lang.RuntimeException: Mixin transformation of net.minecraft.client.player.LocalPlayer failed
	at net.fabricmc.loader.impl.launch.knot.KnotClassDelegate.getPostMixinClassByteArray(KnotClassDelegate.java:440)
	at net.fabricmc.loader.impl.launch.knot.KnotClassDelegate.tryLoadClass(KnotClassDelegate.java:336)
	at net.fabricmc.loader.impl.launch.knot.KnotClassDelegate.loadClass(KnotClassDelegate.java:231)
	at net.fabricmc.loader.impl.launch.knot.KnotClassLoader.loadClass(KnotClassLoader.java:119)
	at java.base/java.lang.ClassLoader.loadClass(ClassLoader.java:490)
	at knot//net.minecraft.client.main.Main.main(Main.java:205)
	at net.fabricmc.loader.impl.game.minecraft.MinecraftGameProvider.launch(MinecraftGameProvider.java:514)
	... 2 more
Caused by: org.spongepowered.asm.mixin.transformer.throwables.MixinTransformerError: An unexpected critical error was encountered
	at org.spongepowered.asm.mixin.transformer.MixinProcessor.applyMixins(MixinProcessor.java:380)
	at org.spongepowered.asm.mixin.transformer.MixinTransformer.transformClass(MixinTransformer.java:237)
	at org.spongepowered.asm.mixin.transformer.MixinTransformer.transformClassBytes(MixinTransformer.java:202)
	at net.fabricmc.loader.impl.launch.knot.KnotClassDelegate.getPostMixinClassByteArray(KnotClassDelegate.java:435)
	... 8 more
Caused by: org.spongepowered.asm.mixin.throwables.MixinApplyError: Mixin [dg_lab.client.mixins.json:ClientPlayerEntityAccessor from mod dg_lab] from phase [DEFAULT] in config [dg_lab.client.mixins.json] FAILED during APPLY
	at org.spongepowered.asm.mixin.transformer.MixinProcessor.handleMixinError(MixinProcessor.java:685)
	at org.spongepowered.asm.mixin.transformer.MixinProcessor.handleMixinApplyError(MixinProcessor.java:636)
	at org.spongepowered.asm.mixin.transformer.MixinProcessor.applyMixins(MixinProcessor.java:367)
	... 11 more
Caused by: org.spongepowered.asm.mixin.gen.throwables.InvalidAccessorException: No candidates were found matching healthInitialized:Z in net/minecraft/client/player/LocalPlayer for dg_lab.client.mixins.json:ClientPlayerEntityAccessor from mod dg_lab->@Accessor[FIELD_GETTER]::getHealthInitialized()Z [ACCESSOR Applicator Phase -> dg_lab.client.mixins.json:ClientPlayerEntityAccessor from mod dg_lab -> Apply Accessors ->  -> Locate -> dg_lab.client.mixins.json:ClientPlayerEntityAccessor from mod dg_lab->@Accessor[FIELD_GETTER]::getHealthInitialized()Z]
	at org.spongepowered.asm.mixin.gen.AccessorInfo.findTarget(AccessorInfo.java:519)
	at org.spongepowered.asm.mixin.gen.AccessorInfo.findTargetField(AccessorInfo.java:502)
	at org.spongepowered.asm.mixin.gen.AccessorInfo.locate(AccessorInfo.java:476)
	at org.spongepowered.asm.mixin.transformer.MixinTargetContext.generateAccessors(MixinTargetContext.java:1504)
	at org.spongepowered.asm.mixin.transformer.MixinApplicatorStandard.applyAccessors(MixinApplicatorStandard.java:841)
	at org.spongepowered.asm.mixin.transformer.MixinApplicatorStandard.lambda$runApplicatorPass$5(MixinApplicatorStandard.java:343)
	at org.spongepowered.asm.mixin.transformer.MixinApplicatorStandard.processMixins(MixinApplicatorStandard.java:381)
	at org.spongepowered.asm.mixin.transformer.MixinApplicatorStandard.runApplicatorPass(MixinApplicatorStandard.java:341)
	at org.spongepowered.asm.mixin.transformer.MixinApplicatorStandard.apply(MixinApplicatorStandard.java:240)
	at org.spongepowered.asm.mixin.transformer.TargetClassContext.apply(TargetClassContext.java:437)
	at org.spongepowered.asm.mixin.transformer.TargetClassContext.applyMixins(TargetClassContext.java:418)
	at org.spongepowered.asm.mixin.transformer.MixinProcessor.applyMixins(MixinProcessor.java:351)
	... 11 more
